// Jest Snapshot v1, https://goo.gl/fbAQLP

exports[`simple form render 1`] = `
.c1 {
  color: #313440;
  margin: 0 0 1rem;
  font-size: 1rem;
  font-weight: 600;
  line-height: 1.5rem;
  margin: 0 0 0.5rem;
}

.c3 {
  color: #313440;
  margin: 0 0 1rem;
  color: #5E637A;
  font-size: 0.875rem;
  font-weight: 400;
  line-height: 1.25rem;
  margin: 0 0 0.75rem;
}

.c3:last-child {
  margin-bottom: 0;
}

.c2:not(:last-child) {
  margin-bottom: 0.25rem;
}

.c0 {
  border: none;
  margin: 0 0 1.5rem;
  padding: 0;
}

.c0:last-child {
  margin: 0;
}

.c6 {
  -webkit-transition: all 150ms ease-out;
  transition: all 150ms ease-out;
  -webkit-transition-property: border,box-shadow;
  transition-property: border,box-shadow;
  -webkit-align-items: center;
  -webkit-box-align: center;
  -ms-flex-align: center;
  align-items: center;
  background-color: #FFFFFF;
  border-radius: 0.25rem;
  box-sizing: border-box;
  display: -webkit-box;
  display: -webkit-flex;
  display: -ms-flexbox;
  display: flex;
  min-height: 2.25rem;
  overflow: hidden;
  position: relative;
  width: 100%;
  border: 1px solid #D9DCE9;
}

.c6:hover:not([disabled]) {
  border: 1px solid #B4BAD1;
}

.c6[disabled] {
  background-color: #ECEEF5;
}

.c8 {
  background-color: inherit;
  border: 0;
  box-sizing: border-box;
  color: #313440;
  -webkit-flex: 1 1 40%;
  -ms-flex: 1 1 40%;
  flex: 1 1 40%;
  height: 100%;
  padding: 0;
  padding-left: 0.5rem;
  width: 100%;
  min-height: 2.125rem;
}

.c8:focus {
  outline: none;
}

.c8::-webkit-input-placeholder {
  color: #B4BAD1;
  font-size: 1rem;
}

.c8::-moz-placeholder {
  color: #B4BAD1;
  font-size: 1rem;
}

.c8:-ms-input-placeholder {
  color: #B4BAD1;
  font-size: 1rem;
}

.c8::placeholder {
  color: #B4BAD1;
  font-size: 1rem;
}

.c8:-webkit-autofill {
  background-color: #F0F3FF !important;
  -webkit-box-shadow: 0 0 0px 1000px #F0F3FF inset;
}

.c8[disabled] {
  background-color: #ECEEF5;
  color: #5E637A;
}

.c7 {
  -webkit-align-items: center;
  -webkit-box-align: center;
  -ms-flex-align: center;
  align-items: center;
  box-sizing: border-box;
  display: -webkit-box;
  display: -webkit-flex;
  display: -ms-flexbox;
  display: flex;
  -webkit-flex-wrap: wrap;
  -ms-flex-wrap: wrap;
  flex-wrap: wrap;
  -webkit-flex: 1;
  -ms-flex: 1;
  flex: 1;
  height: 100%;
}

.c4 {
  display: grid;
  grid-gap: 0.5rem 1rem;
  margin-bottom: 1rem;
}

.c4:last-child {
  margin-bottom: 0;
}

.c5 {
  cursor: pointer;
  display: inline-block;
  margin-bottom: 0.25rem;
}

@media (min-width:720px) {

}

@media (min-width:720px) {

}

<form
  class=""
>
  <fieldset
    class="c0"
  >
    <legend
      class="c1 c2"
    >
      Primary contact
    </legend>
    <p
      class="c3"
    >
      Minim velit quis aute adipisicing adipisicing do do exercitation cupidatat enim ex voluptate consequat labore.
    </p>
    <div
      class="c4"
    >
      <div>
        <label
          class="c1 c5"
          for=":r0:"
        >
          First Name
        </label>
        <p
          class="c3"
        >
          This is an example description for First Name
        </p>
        <span
          class="c6"
        >
          <div
            class="c7"
          >
            <input
              class="c8"
              id=":r0:"
              placeholder="Placeholder text"
            />
          </div>
        </span>
      </div>
    </div>
    <div
      class="c4"
    >
      <div>
        <label
          class="c1 c5"
          for=":r1:"
        >
          Middle Name
        </label>
        <p
          class="c3"
        >
          This is an example description for Last Name. Featuring a Left Icon.
        </p>
        <span
          class="c6"
        >
          <div
            class="c7"
          >
            <input
              class="c8"
              id=":r1:"
              placeholder="Placeholder text"
            />
          </div>
        </span>
      </div>
    </div>
  </fieldset>
</form>
`;
