// Jest Snapshot v1, https://goo.gl/fbAQLP

exports[`renders simple tree 1`] = `
<ul
  aria-multiselectable="false"
  class="styled__StyledUl-sc-3526f150-0 jXgIr"
  role="tree"
  style="overflow: hidden;"
>
  <li
    aria-expanded="false"
    class="styled__StyledLi-sc-912cb84-0 ddOgUf"
    role="treeitem"
    tabindex="-1"
  >
    <div
      class="styled__StyledBox-sc-12d4dbf-0 imudcb styled__StyledFlex-sc-3a1154b6-0 dNPsOo styled__StyledFlex-sc-912cb84-3 gknWxS"
    >
      <div
        class="styled__StyledBox-sc-12d4dbf-0 imudcb styled__StyledFlexItem-sc-2b88929e-0 jCGHbT styled__StyledArrowWrapper-sc-912cb84-1 lpeGLF"
      >
        <svg
          aria-hidden="true"
          class="base__StyledIcon-sc-a9u0e1-0 PHcub"
          color="secondary60"
          fill="currentColor"
          focusable="false"
          height="24"
          stroke="currentColor"
          stroke-width="0"
          viewBox="0 0 24 24"
          width="24"
        >
          <path
            d="M0 0h24v24H0z"
            fill="none"
          />
          <path
            d="M9.29 6.71a.996.996 0 0 0 0 1.41L13.17 12l-3.88 3.88a.996.996 0 1 0 1.41 1.41l4.59-4.59a.996.996 0 0 0 0-1.41L10.7 6.7c-.38-.38-1.02-.38-1.41.01"
          />
        </svg>
      </div>
      <div
        class="styled__StyledBox-sc-12d4dbf-0 jlecRx styled__StyledFlexItem-sc-2b88929e-0 jCGHbT styled__StyledFlexItem-sc-912cb84-4 eopNjs"
      >
        <svg
          aria-hidden="true"
          class="base__StyledIcon-sc-a9u0e1-0 cjbLvM"
          color="primary30"
          fill="currentColor"
          height="24"
          stroke="currentColor"
          stroke-width="0"
          viewBox="0 0 24 24"
          width="24"
        >
          <path
            d="M0 0h24v24H0z"
            fill="none"
          />
          <path
            d="M10.59 4.59C10.21 4.21 9.7 4 9.17 4H4c-1.1 0-1.99.9-1.99 2L2 18c0 1.1.9 2 2 2h16c1.1 0 2-.9 2-2V8c0-1.1-.9-2-2-2h-8z"
          />
        </svg>
      </div>
      <span
        class="styled__StyledText-sc-218b28a9-5 styled__StyledText-sc-912cb84-6 ffENPD ebpimB"
        color="secondary70"
      >
        Test Node 0
      </span>
    </div>
  </li>
  <li
    aria-expanded="false"
    class="styled__StyledLi-sc-912cb84-0 ddOgUf"
    role="treeitem"
    tabindex="-1"
  >
    <div
      class="styled__StyledBox-sc-12d4dbf-0 imudcb styled__StyledFlex-sc-3a1154b6-0 dNPsOo styled__StyledFlex-sc-912cb84-3 gknWxS"
    >
      <div
        class="styled__StyledBox-sc-12d4dbf-0 imudcb styled__StyledFlexItem-sc-2b88929e-0 jCGHbT styled__StyledArrowWrapper-sc-912cb84-1 lpeGLF"
      >
        <svg
          aria-hidden="true"
          class="base__StyledIcon-sc-a9u0e1-0 PHcub"
          color="secondary60"
          fill="currentColor"
          focusable="false"
          height="24"
          stroke="currentColor"
          stroke-width="0"
          viewBox="0 0 24 24"
          width="24"
        >
          <path
            d="M0 0h24v24H0z"
            fill="none"
          />
          <path
            d="M9.29 6.71a.996.996 0 0 0 0 1.41L13.17 12l-3.88 3.88a.996.996 0 1 0 1.41 1.41l4.59-4.59a.996.996 0 0 0 0-1.41L10.7 6.7c-.38-.38-1.02-.38-1.41.01"
          />
        </svg>
      </div>
      <div
        class="styled__StyledBox-sc-12d4dbf-0 jlecRx styled__StyledFlexItem-sc-2b88929e-0 jCGHbT styled__StyledFlexItem-sc-912cb84-4 eopNjs"
      >
        <svg
          aria-hidden="true"
          class="base__StyledIcon-sc-a9u0e1-0 cjbLvM"
          color="primary30"
          fill="currentColor"
          height="24"
          stroke="currentColor"
          stroke-width="0"
          viewBox="0 0 24 24"
          width="24"
        >
          <path
            d="M0 0h24v24H0z"
            fill="none"
          />
          <path
            d="M10.59 4.59C10.21 4.21 9.7 4 9.17 4H4c-1.1 0-1.99.9-1.99 2L2 18c0 1.1.9 2 2 2h16c1.1 0 2-.9 2-2V8c0-1.1-.9-2-2-2h-8z"
          />
        </svg>
      </div>
      <span
        class="styled__StyledText-sc-218b28a9-5 styled__StyledText-sc-912cb84-6 ffENPD ebpimB"
        color="secondary70"
      >
        Test Node 1
      </span>
    </div>
  </li>
  <li
    aria-expanded="false"
    class="styled__StyledLi-sc-912cb84-0 ddOgUf"
    role="treeitem"
    tabindex="-1"
  >
    <div
      class="styled__StyledBox-sc-12d4dbf-0 imudcb styled__StyledFlex-sc-3a1154b6-0 dNPsOo styled__StyledFlex-sc-912cb84-3 gknWxS"
    >
      <div
        class="styled__StyledGap-sc-912cb84-5 jrVihD"
      />
      <div
        class="styled__StyledBox-sc-12d4dbf-0 jlecRx styled__StyledFlexItem-sc-2b88929e-0 jCGHbT styled__StyledFlexItem-sc-912cb84-4 eopNjs"
      >
        <svg
          aria-hidden="true"
          class="base__StyledIcon-sc-a9u0e1-0 cjbLvM"
          color="primary30"
          fill="currentColor"
          height="24"
          stroke="currentColor"
          stroke-width="0"
          viewBox="0 0 24 24"
          width="24"
        >
          <path
            d="M0 0h24v24H0z"
            fill="none"
          />
          <path
            d="M10.59 4.59C10.21 4.21 9.7 4 9.17 4H4c-1.1 0-1.99.9-1.99 2L2 18c0 1.1.9 2 2 2h16c1.1 0 2-.9 2-2V8c0-1.1-.9-2-2-2h-8z"
          />
        </svg>
      </div>
      <span
        class="styled__StyledText-sc-218b28a9-5 styled__StyledText-sc-912cb84-6 ffENPD ebpimB"
        color="secondary70"
      >
        Category
      </span>
    </div>
  </li>
  <li
    aria-expanded="false"
    class="styled__StyledLi-sc-912cb84-0 ddOgUf"
    role="treeitem"
    tabindex="-1"
  >
    <div
      class="styled__StyledBox-sc-12d4dbf-0 imudcb styled__StyledFlex-sc-3a1154b6-0 dNPsOo styled__StyledFlex-sc-912cb84-3 gknWxS"
    >
      <div
        class="styled__StyledBox-sc-12d4dbf-0 imudcb styled__StyledFlexItem-sc-2b88929e-0 jCGHbT styled__StyledArrowWrapper-sc-912cb84-1 lpeGLF"
      >
        <svg
          aria-hidden="true"
          class="base__StyledIcon-sc-a9u0e1-0 PHcub"
          color="secondary60"
          fill="currentColor"
          focusable="false"
          height="24"
          stroke="currentColor"
          stroke-width="0"
          viewBox="0 0 24 24"
          width="24"
        >
          <path
            d="M0 0h24v24H0z"
            fill="none"
          />
          <path
            d="M9.29 6.71a.996.996 0 0 0 0 1.41L13.17 12l-3.88 3.88a.996.996 0 1 0 1.41 1.41l4.59-4.59a.996.996 0 0 0 0-1.41L10.7 6.7c-.38-.38-1.02-.38-1.41.01"
          />
        </svg>
      </div>
      <div
        class="styled__StyledBox-sc-12d4dbf-0 jlecRx styled__StyledFlexItem-sc-2b88929e-0 jCGHbT styled__StyledFlexItem-sc-912cb84-4 eopNjs"
      >
        <svg
          aria-hidden="true"
          class="base__StyledIcon-sc-a9u0e1-0 cjbLvM"
          color="primary30"
          fill="currentColor"
          height="24"
          stroke="currentColor"
          stroke-width="0"
          viewBox="0 0 24 24"
          width="24"
        >
          <path
            d="M0 0h24v24H0z"
            fill="none"
          />
          <path
            d="M10.59 4.59C10.21 4.21 9.7 4 9.17 4H4c-1.1 0-1.99.9-1.99 2L2 18c0 1.1.9 2 2 2h16c1.1 0 2-.9 2-2V8c0-1.1-.9-2-2-2h-8z"
          />
        </svg>
      </div>
      <span
        class="styled__StyledText-sc-218b28a9-5 styled__StyledText-sc-912cb84-6 ffENPD ebpimB"
        color="secondary70"
      >
        Test Node 3
      </span>
    </div>
  </li>
  <li
    aria-expanded="false"
    class="styled__StyledLi-sc-912cb84-0 ddOgUf"
    role="treeitem"
    tabindex="-1"
  >
    <div
      class="styled__StyledBox-sc-12d4dbf-0 imudcb styled__StyledFlex-sc-3a1154b6-0 dNPsOo styled__StyledFlex-sc-912cb84-3 gknWxS"
    >
      <div
        class="styled__StyledBox-sc-12d4dbf-0 imudcb styled__StyledFlexItem-sc-2b88929e-0 jCGHbT styled__StyledArrowWrapper-sc-912cb84-1 lpeGLF"
      >
        <svg
          aria-hidden="true"
          class="base__StyledIcon-sc-a9u0e1-0 PHcub"
          color="secondary60"
          fill="currentColor"
          focusable="false"
          height="24"
          stroke="currentColor"
          stroke-width="0"
          viewBox="0 0 24 24"
          width="24"
        >
          <path
            d="M0 0h24v24H0z"
            fill="none"
          />
          <path
            d="M9.29 6.71a.996.996 0 0 0 0 1.41L13.17 12l-3.88 3.88a.996.996 0 1 0 1.41 1.41l4.59-4.59a.996.996 0 0 0 0-1.41L10.7 6.7c-.38-.38-1.02-.38-1.41.01"
          />
        </svg>
      </div>
      <div
        class="styled__StyledBox-sc-12d4dbf-0 jlecRx styled__StyledFlexItem-sc-2b88929e-0 jCGHbT styled__StyledFlexItem-sc-912cb84-4 eopNjs"
      >
        <svg
          aria-hidden="true"
          class="base__StyledIcon-sc-a9u0e1-0 cjbLvM"
          color="primary30"
          fill="currentColor"
          height="24"
          stroke="currentColor"
          stroke-width="0"
          viewBox="0 0 24 24"
          width="24"
        >
          <path
            d="M0 0h24v24H0z"
            fill="none"
          />
          <path
            d="M10.59 4.59C10.21 4.21 9.7 4 9.17 4H4c-1.1 0-1.99.9-1.99 2L2 18c0 1.1.9 2 2 2h16c1.1 0 2-.9 2-2V8c0-1.1-.9-2-2-2h-8z"
          />
        </svg>
      </div>
      <span
        class="styled__StyledText-sc-218b28a9-5 styled__StyledText-sc-912cb84-6 ffENPD ebpimB"
        color="secondary70"
      >
        Test Node 4
      </span>
    </div>
  </li>
</ul>
`;
