// Jest Snapshot v1, https://jestjs.io/docs/snapshot-testing

exports[`render danger Badge 1`] = `
.c0 {
  color: #FFFFFF;
  border-radius: 0.25rem;
  display: inline-block;
  font-size: 0.75rem;
  font-weight: 600;
  line-height: 1.25rem;
  text-align: center;
  text-transform: uppercase;
  vertical-align: middle;
  padding: 0 0.5rem;
  background-color: #DB3643;
}

<span
  class="c0"
>
  Badge
</span>
`;

exports[`render default Badge 1`] = `
.c0 {
  color: #FFFFFF;
  border-radius: 0.25rem;
  display: inline-block;
  font-size: 0.75rem;
  font-weight: 600;
  line-height: 1.25rem;
  text-align: center;
  text-transform: uppercase;
  vertical-align: middle;
  padding: 0 0.5rem;
  background-color: #5E637A;
}

<span
  class="c0"
>
  Badge
</span>
`;

exports[`render primary Badge 1`] = `
.c0 {
  color: #FFFFFF;
  border-radius: 0.25rem;
  display: inline-block;
  font-size: 0.75rem;
  font-weight: 600;
  line-height: 1.25rem;
  text-align: center;
  text-transform: uppercase;
  vertical-align: middle;
  padding: 0 0.5rem;
  background-color: #3C64F4;
}

<span
  class="c0"
>
  Badge
</span>
`;

exports[`render secondary Badge 1`] = `
.c0 {
  color: #FFFFFF;
  border-radius: 0.25rem;
  display: inline-block;
  font-size: 0.75rem;
  font-weight: 600;
  line-height: 1.25rem;
  text-align: center;
  text-transform: uppercase;
  vertical-align: middle;
  padding: 0 0.5rem;
  background-color: #5E637A;
}

<span
  class="c0"
>
  Badge
</span>
`;

exports[`render success Badge 1`] = `
.c0 {
  color: #FFFFFF;
  border-radius: 0.25rem;
  display: inline-block;
  font-size: 0.75rem;
  font-weight: 600;
  line-height: 1.25rem;
  text-align: center;
  text-transform: uppercase;
  vertical-align: middle;
  padding: 0 0.5rem;
  background-color: #208831;
}

<span
  class="c0"
>
  Badge
</span>
`;

exports[`render warning Badge 1`] = `
.c0 {
  color: #FFFFFF;
  border-radius: 0.25rem;
  display: inline-block;
  font-size: 0.75rem;
  font-weight: 600;
  line-height: 1.25rem;
  text-align: center;
  text-transform: uppercase;
  vertical-align: middle;
  padding: 0 0.5rem;
  color: #313440;
  background-color: #FFBF00;
}

<span
  class="c0"
>
  Badge
</span>
`;
