// Jest Snapshot v1, https://jestjs.io/docs/snapshot-testing

exports[`render Tabs 1`] = `
.c0 {
  box-sizing: border-box;
}

.c1 {
  -webkit-align-content: stretch;
  -ms-flex-line-pack: stretch;
  align-content: stretch;
  -webkit-align-items: stretch;
  -webkit-box-align: stretch;
  -ms-flex-align: stretch;
  align-items: stretch;
  -webkit-flex-direction: row;
  -ms-flex-direction: row;
  flex-direction: row;
  -webkit-flex-wrap: nowrap;
  -ms-flex-wrap: nowrap;
  flex-wrap: nowrap;
  -webkit-box-pack: start;
  -webkit-justify-content: flex-start;
  -ms-flex-pack: start;
  justify-content: flex-start;
  display: -webkit-box;
  display: -webkit-flex;
  display: -ms-flexbox;
  display: flex;
}

.c3 {
  -webkit-transition: all 150ms ease-out;
  transition: all 150ms ease-out;
  -webkit-transition-property: background-color,border-color,box-shadow,color;
  transition-property: background-color,border-color,box-shadow,color;
  -webkit-align-items: center;
  -webkit-box-align: center;
  -ms-flex-align: center;
  align-items: center;
  -webkit-appearance: none;
  -moz-appearance: none;
  appearance: none;
  border: 1px solid #D9DCE9;
  border-radius: 0.25rem;
  color: #FFFFFF;
  cursor: pointer;
  display: -webkit-inline-box;
  display: -webkit-inline-flex;
  display: -ms-inline-flexbox;
  display: inline-flex;
  -webkit-flex: none;
  -ms-flex: none;
  flex: none;
  font-size: 1rem;
  font-weight: 400;
  height: 2.25rem;
  -webkit-box-pack: center;
  -webkit-justify-content: center;
  -ms-flex-pack: center;
  justify-content: center;
  line-height: 2rem;
  outline: none;
  padding: 0 1rem;
  position: relative;
  text-align: center;
  -webkit-text-decoration: none;
  text-decoration: none;
  -webkit-user-select: none;
  -moz-user-select: none;
  -ms-user-select: none;
  user-select: none;
  vertical-align: middle;
  white-space: nowrap;
  width: 100%;
  background-color: transparent;
  border-color: transparent;
  color: #3C64F4;
}

.c3:focus {
  outline: none;
}

.c3[disabled] {
  border-color: #D9DCE9;
  pointer-events: none;
}

.c3 + .bd-button {
  margin-top: 0.5rem;
}

.c3:active {
  background-color: #DBE3FE;
}

.c3:focus {
  box-shadow: 0 0 0 0.25rem #DBE3FE;
}

.c3:hover:not(:active) {
  background-color: #F0F3FF;
}

.c3[disabled] {
  border-color: transparent;
  color: #D9DCE9;
}

.c5 {
  -webkit-align-content: center;
  -ms-flex-line-pack: center;
  align-content: center;
  -webkit-align-items: center;
  -webkit-box-align: center;
  -ms-flex-align: center;
  align-items: center;
  display: inline-grid;
  grid-auto-flow: column;
  grid-gap: 0.5rem;
}

.c2 {
  overflow: auto;
}

.c4 {
  border: none;
  border-bottom: 0.25rem solid transparent;
  border-bottom-color: transparent;
  border-radius: 0;
  color: #3C64F4;
  pointer-events: auto;
  width: auto;
}

@media (min-width:720px) {
  .c3 + .bd-button {
    margin-top: 0;
    margin-left: 0.5rem;
  }
}

@media (min-width:720px) {
  .c3 {
    width: auto;
  }
}

<div
  class="c0 c1 c2"
  role="tablist"
>
  <button
    aria-controls="content1"
    aria-selected="false"
    class="c3 c4"
    id="tab1"
    role="tab"
    tabindex="0"
  >
    <span
      class="c5"
    >
      Tab 1
    </span>
  </button>
  <button
    aria-controls="content2"
    aria-selected="false"
    class="c3 c4"
    id="tab2"
    role="tab"
    tabindex="0"
  >
    <span
      class="c5"
    >
      Tab 2
    </span>
  </button>
</div>
`;

exports[`render Tabs with disabled item 1`] = `
.c0 {
  box-sizing: border-box;
}

.c1 {
  -webkit-align-content: stretch;
  -ms-flex-line-pack: stretch;
  align-content: stretch;
  -webkit-align-items: stretch;
  -webkit-box-align: stretch;
  -ms-flex-align: stretch;
  align-items: stretch;
  -webkit-flex-direction: row;
  -ms-flex-direction: row;
  flex-direction: row;
  -webkit-flex-wrap: nowrap;
  -ms-flex-wrap: nowrap;
  flex-wrap: nowrap;
  -webkit-box-pack: start;
  -webkit-justify-content: flex-start;
  -ms-flex-pack: start;
  justify-content: flex-start;
  display: -webkit-box;
  display: -webkit-flex;
  display: -ms-flexbox;
  display: flex;
}

.c3 {
  -webkit-transition: all 150ms ease-out;
  transition: all 150ms ease-out;
  -webkit-transition-property: background-color,border-color,box-shadow,color;
  transition-property: background-color,border-color,box-shadow,color;
  -webkit-align-items: center;
  -webkit-box-align: center;
  -ms-flex-align: center;
  align-items: center;
  -webkit-appearance: none;
  -moz-appearance: none;
  appearance: none;
  border: 1px solid #D9DCE9;
  border-radius: 0.25rem;
  color: #FFFFFF;
  cursor: pointer;
  display: -webkit-inline-box;
  display: -webkit-inline-flex;
  display: -ms-inline-flexbox;
  display: inline-flex;
  -webkit-flex: none;
  -ms-flex: none;
  flex: none;
  font-size: 1rem;
  font-weight: 400;
  height: 2.25rem;
  -webkit-box-pack: center;
  -webkit-justify-content: center;
  -ms-flex-pack: center;
  justify-content: center;
  line-height: 2rem;
  outline: none;
  padding: 0 1rem;
  position: relative;
  text-align: center;
  -webkit-text-decoration: none;
  text-decoration: none;
  -webkit-user-select: none;
  -moz-user-select: none;
  -ms-user-select: none;
  user-select: none;
  vertical-align: middle;
  white-space: nowrap;
  width: 100%;
  background-color: transparent;
  border-color: transparent;
  color: #3C64F4;
}

.c3:focus {
  outline: none;
}

.c3[disabled] {
  border-color: #D9DCE9;
  pointer-events: none;
}

.c3 + .bd-button {
  margin-top: 0.5rem;
}

.c3:active {
  background-color: #DBE3FE;
}

.c3:focus {
  box-shadow: 0 0 0 0.25rem #DBE3FE;
}

.c3:hover:not(:active) {
  background-color: #F0F3FF;
}

.c3[disabled] {
  border-color: transparent;
  color: #D9DCE9;
}

.c5 {
  -webkit-align-content: center;
  -ms-flex-line-pack: center;
  align-content: center;
  -webkit-align-items: center;
  -webkit-box-align: center;
  -ms-flex-align: center;
  align-items: center;
  display: inline-grid;
  grid-auto-flow: column;
  grid-gap: 0.5rem;
}

.c2 {
  overflow: auto;
}

.c4 {
  border: none;
  border-bottom: 0.25rem solid transparent;
  border-bottom-color: transparent;
  border-radius: 0;
  color: #3C64F4;
  pointer-events: auto;
  width: auto;
}

@media (min-width:720px) {
  .c3 + .bd-button {
    margin-top: 0;
    margin-left: 0.5rem;
  }
}

@media (min-width:720px) {
  .c3 {
    width: auto;
  }
}

<div
  class="c0 c1 c2"
  role="tablist"
>
  <button
    aria-controls="content1"
    aria-selected="false"
    class="c3 c4"
    id="tab1"
    role="tab"
    tabindex="0"
  >
    <span
      class="c5"
    >
      Tab 1
    </span>
  </button>
  <button
    aria-controls="content2"
    aria-selected="false"
    class="c3 c4"
    id="tab2"
    role="tab"
    tabindex="0"
  >
    <span
      class="c5"
    >
      Tab 2
    </span>
  </button>
  <button
    aria-controls="tab3-content"
    aria-selected="false"
    class="c3 c4"
    disabled=""
    id="tab3"
    role="tab"
    tabindex="0"
  >
    <span
      class="c5"
    >
      Tab 3
    </span>
  </button>
</div>
`;
