// Jest Snapshot v1, https://jestjs.io/docs/snapshot-testing

exports[`render feature set 1`] = `
.c0 {
  list-style-type: none;
  margin: 0;
  padding: 0;
  display: -webkit-inline-box;
  display: -webkit-inline-flex;
  display: -ms-inline-flexbox;
  display: inline-flex;
  -webkit-flex-wrap: wrap;
  -ms-flex-wrap: wrap;
  flex-wrap: wrap;
  gap: 0.75rem;
}

.c2 {
  color: currentColor;
  margin: 0 0 1rem;
  display: inline-block;
  max-width: 100%;
  overflow: hidden;
  text-overflow: ellipsis;
  white-space: nowrap;
  word-wrap: normal;
  color: currentColor;
  font-size: 0.875rem;
  font-weight: 400;
  line-height: 1.25rem;
  margin: 0 0 0.75rem;
  margin: 0;
}

.c2:last-child {
  margin-bottom: 0;
}

.c1 {
  -webkit-align-items: center;
  -webkit-box-align: center;
  -ms-flex-align: center;
  align-items: center;
  background-color: #ECEEF5;
  border-radius: 0.25rem;
  display: -webkit-inline-box;
  display: -webkit-inline-flex;
  display: -ms-inline-flexbox;
  display: inline-flex;
  color: #5E637A;
  -webkit-flex-wrap: nowrap;
  -ms-flex-wrap: nowrap;
  flex-wrap: nowrap;
  gap: 0.25rem;
  -webkit-box-pack: center;
  -webkit-justify-content: center;
  -ms-flex-pack: center;
  justify-content: center;
  padding-block: 0.125rem;
  padding-inline: 0.5rem;
}

.c1 > svg {
  height: 1rem;
  -webkit-flex-shrink: 0;
  -ms-flex-negative: 0;
  flex-shrink: 0;
  width: 1rem;
}

<ul
  class="c0"
>
  <li
    aria-labelledby=":r0:"
    class="c1"
  >
    <span
      class="c2"
      color="currentColor"
      id=":r0:"
    >
      Feature 1
    </span>
  </li>
  <li
    aria-labelledby=":r1:"
    class="c1"
  >
    <span
      class="c2"
      color="currentColor"
      id=":r1:"
    >
      Feature 2
    </span>
  </li>
</ul>
`;
