// Jest Snapshot v1, https://jestjs.io/docs/snapshot-testing

exports[`AnchorNav Component matches the snapshot 1`] = `
.c0 {
  position: -webkit-sticky;
  position: sticky;
  -webkit-inset-block-start: 0;
  -ms-intb-rlock-start: 0;
  inset-block-start: 0;
  width: 16.625rem;
  float: inline-start;
  display: none;
}

.c0 > ul {
  list-style-type: none;
  padding: 0;
  margin: 0;
}

.c0 > ul > li {
  display: block;
  margin: 0;
  padding: 0;
  box-sizing: border-box;
}

.c0 > ul > li > a {
  color: #3C64F4;
  -webkit-text-decoration: none;
  text-decoration: none;
  display: block;
  padding: 0.75rem 1.25rem;
  border-inline-start: 0.25rem solid transparent;
}

.c0 > ul > li > a:hover {
  background-color: #F0F3FF;
}

.c0 > ul > li > a.active {
  color: #313440;
  border-inline-start: 0.25rem solid #3C64F4;
}

.c0 > ul > li > a.active:hover {
  background-color: transparent;
}

@media (min-width:720px) {
  .c0 {
    display: block;
    margin-inline-end: 1.5rem;
  }
}

<nav
  class="c0"
>
  <ul>
    <li>
      <a
        class=""
        href="#section1"
      >
        Section 1
      </a>
    </li>
    <li>
      <a
        class=""
        href="#section2"
      >
        Section 2
      </a>
    </li>
  </ul>
</nav>
`;
