// Jest Snapshot v1, https://jestjs.io/docs/snapshot-testing

exports[`responsive display 1`] = `
@media (min-width:0px) {
  .c0 {
    display: none;
  }
}

@media (min-width:720px) {
  .c0 {
    display: -webkit-box;
    display: -webkit-flex;
    display: -ms-flexbox;
    display: flex;
  }
}

<div
  class="c0"
  data-testid="display-responsive"
  display="[object Object]"
/>
`;
