// Jest Snapshot v1, https://goo.gl/fbAQLP

exports[`offset pagination renders a pagination component 1`] = `
.c10 {
  vertical-align: middle;
  height: 2rem;
  width: 2rem;
}

.c12 {
  vertical-align: middle;
  height: 1.5rem;
  width: 1.5rem;
}

.c1 {
  box-sizing: border-box;
}

.c4 {
  -webkit-align-content: stretch;
  -ms-flex-line-pack: stretch;
  align-content: stretch;
  -webkit-align-items: stretch;
  -webkit-box-align: stretch;
  -ms-flex-align: stretch;
  align-items: stretch;
  -webkit-flex-direction: row;
  -ms-flex-direction: row;
  flex-direction: row;
  -webkit-flex-wrap: nowrap;
  -ms-flex-wrap: nowrap;
  flex-wrap: nowrap;
  -webkit-box-pack: start;
  -webkit-justify-content: flex-start;
  -ms-flex-pack: start;
  justify-content: flex-start;
  display: -webkit-box;
  display: -webkit-flex;
  display: -ms-flexbox;
  display: flex;
}

.c2 {
  -webkit-align-self: auto;
  -ms-flex-item-align: auto;
  align-self: auto;
  -webkit-flex-basis: auto;
  -ms-flex-preferred-size: auto;
  flex-basis: auto;
  -webkit-box-flex: 0;
  -webkit-flex-grow: 0;
  -ms-flex-positive: 0;
  flex-grow: 0;
  -webkit-order: 0;
  -ms-flex-order: 0;
  order: 0;
  -webkit-flex-shrink: 0;
  -ms-flex-negative: 0;
  flex-shrink: 0;
}

.c5 {
  -webkit-align-self: auto;
  -ms-flex-item-align: auto;
  align-self: auto;
  -webkit-flex-basis: auto;
  -ms-flex-preferred-size: auto;
  flex-basis: auto;
  -webkit-box-flex: 0;
  -webkit-flex-grow: 0;
  -ms-flex-positive: 0;
  flex-grow: 0;
  -webkit-order: 0;
  -ms-flex-order: 0;
  order: 0;
  -webkit-flex-shrink: 1;
  -ms-flex-negative: 1;
  flex-shrink: 1;
}

.c7 {
  -webkit-transition: all 150ms ease-out;
  transition: all 150ms ease-out;
  -webkit-transition-property: background-color,border-color,box-shadow,color;
  transition-property: background-color,border-color,box-shadow,color;
  -webkit-align-items: center;
  -webkit-box-align: center;
  -ms-flex-align: center;
  align-items: center;
  -webkit-appearance: none;
  -moz-appearance: none;
  appearance: none;
  border: 1px solid #D9DCE9;
  border-radius: 0.25rem;
  color: #FFFFFF;
  cursor: pointer;
  display: -webkit-inline-box;
  display: -webkit-inline-flex;
  display: -ms-inline-flexbox;
  display: inline-flex;
  -webkit-flex: none;
  -ms-flex: none;
  flex: none;
  font-size: 1rem;
  font-weight: 400;
  height: 2.25rem;
  -webkit-box-pack: center;
  -webkit-justify-content: center;
  -ms-flex-pack: center;
  justify-content: center;
  line-height: 2rem;
  outline: none;
  padding: 0 1rem;
  position: relative;
  text-align: center;
  -webkit-text-decoration: none;
  text-decoration: none;
  -webkit-user-select: none;
  -moz-user-select: none;
  -ms-user-select: none;
  user-select: none;
  vertical-align: middle;
  white-space: nowrap;
  width: 100%;
  padding-right: 0.5rem;
  background-color: transparent;
  border-color: transparent;
  color: #3C64F4;
}

.c7:focus {
  outline: none;
}

.c7[disabled] {
  border-color: #D9DCE9;
  pointer-events: none;
}

.c7 + .bd-button {
  margin-top: 0.5rem;
}

.c7:active {
  background-color: #DBE3FE;
}

.c7:focus {
  box-shadow: 0 0 0 0.25rem #DBE3FE;
}

.c7:hover:not(:active) {
  background-color: #F0F3FF;
}

.c7[disabled] {
  border-color: transparent;
  color: #D9DCE9;
}

.c11 {
  -webkit-transition: all 150ms ease-out;
  transition: all 150ms ease-out;
  -webkit-transition-property: background-color,border-color,box-shadow,color;
  transition-property: background-color,border-color,box-shadow,color;
  -webkit-align-items: center;
  -webkit-box-align: center;
  -ms-flex-align: center;
  align-items: center;
  -webkit-appearance: none;
  -moz-appearance: none;
  appearance: none;
  border: 1px solid #D9DCE9;
  border-radius: 0.25rem;
  color: #FFFFFF;
  cursor: pointer;
  display: -webkit-inline-box;
  display: -webkit-inline-flex;
  display: -ms-inline-flexbox;
  display: inline-flex;
  -webkit-flex: none;
  -ms-flex: none;
  flex: none;
  font-size: 1rem;
  font-weight: 400;
  height: 2.25rem;
  -webkit-box-pack: center;
  -webkit-justify-content: center;
  -ms-flex-pack: center;
  justify-content: center;
  line-height: 2rem;
  outline: none;
  padding: 0 1rem;
  position: relative;
  text-align: center;
  -webkit-text-decoration: none;
  text-decoration: none;
  -webkit-user-select: none;
  -moz-user-select: none;
  -ms-user-select: none;
  user-select: none;
  vertical-align: middle;
  white-space: nowrap;
  width: 100%;
  background-color: transparent;
  border-color: transparent;
  color: #3C64F4;
}

.c11:focus {
  outline: none;
}

.c11[disabled] {
  border-color: #D9DCE9;
  pointer-events: none;
}

.c11 + .bd-button {
  margin-top: 0.5rem;
}

.c11:active {
  background-color: #DBE3FE;
}

.c11:focus {
  box-shadow: 0 0 0 0.25rem #DBE3FE;
}

.c11:hover:not(:active) {
  background-color: #F0F3FF;
}

.c11[disabled] {
  border-color: transparent;
  color: #D9DCE9;
}

.c9 {
  -webkit-align-content: center;
  -ms-flex-line-pack: center;
  align-content: center;
  -webkit-align-items: center;
  -webkit-box-align: center;
  -ms-flex-align: center;
  align-items: center;
  display: inline-grid;
  grid-auto-flow: column;
  grid-gap: 0.5rem;
}

.c6 {
  position: relative;
}

.c8 {
  color: #313440;
  width: auto;
}

.c3 {
  margin-left: auto;
}

.c0 {
  -webkit-align-items: center;
  -webkit-box-align: center;
  -ms-flex-align: center;
  align-items: center;
  -webkit-flex-direction: row;
  -ms-flex-direction: row;
  flex-direction: row;
  -webkit-box-pack: stretch;
  -webkit-justify-content: stretch;
  -ms-flex-pack: stretch;
  justify-content: stretch;
  background-color: #FFFFFF;
  display: -webkit-box;
  display: -webkit-flex;
  display: -ms-flexbox;
  display: flex;
  padding: 0.75rem 1.5rem;
}

@media (min-width:720px) {
  .c7 + .bd-button {
    margin-top: 0;
    margin-left: 0.5rem;
  }
}

@media (min-width:720px) {
  .c7 {
    width: auto;
  }
}

@media (min-width:720px) {
  .c11 + .bd-button {
    margin-top: 0;
    margin-left: 0.5rem;
  }
}

@media (min-width:720px) {
  .c11 {
    width: auto;
    padding: 0;
    min-width: 2.25rem;
  }
}

<div
  aria-controls=":r12:"
  aria-label="Table Controls"
  class="c0"
  role="toolbar"
>
  <div
    class="c1 c2 c3"
  >
    <div
      aria-label="pagination"
      class="c1 c4"
      role="navigation"
    >
      <div
        class="c1 c5"
      >
        <div
          class="c1 c6"
        >
          <button
            aria-activedescendant=""
            aria-controls=":r13:-menu"
            aria-expanded="false"
            aria-haspopup="menu"
            class="c7 c8"
            id=":r13:-toggle-button"
            role="button"
            tabindex="0"
            type="button"
          >
            <span
              class="c9"
            >
              1 - 3 of 5
              <svg
                aria-hidden="true"
                class="c10"
                fill="currentColor"
                height="24"
                stroke="currentColor"
                stroke-width="0"
                viewBox="0 0 24 24"
                width="24"
              >
                <path
                  d="M0 0h24v24H0z"
                  fill="none"
                />
                <path
                  d="m8.71 11.71 2.59 2.59c.39.39 1.02.39 1.41 0l2.59-2.59c.63-.63.18-1.71-.71-1.71H9.41c-.89 0-1.33 1.08-.7 1.71"
                />
              </svg>
            </span>
          </button>
        </div>
      </div>
      <div
        class="c1 c5"
      >
        <button
          class="c11 c8"
          disabled=""
          type="button"
        >
          <span
            class="c9"
          >
            <svg
              aria-labelledby=":r16:"
              class="c12"
              fill="currentColor"
              height="24"
              stroke="currentColor"
              stroke-width="0"
              viewBox="0 0 24 24"
              width="24"
            >
              <title
                id=":r16:"
              >
                Previous page
              </title>
              <path
                d="M0 0h24v24H0z"
                fill="none"
              />
              <path
                d="M14.71 6.71a.996.996 0 0 0-1.41 0L8.71 11.3a.996.996 0 0 0 0 1.41l4.59 4.59a.996.996 0 1 0 1.41-1.41L10.83 12l3.88-3.88c.39-.39.38-1.03 0-1.41"
              />
            </svg>
          </span>
        </button>
        <button
          class="c11 c8"
          type="button"
        >
          <span
            class="c9"
          >
            <svg
              aria-labelledby=":r17:"
              class="c12"
              fill="currentColor"
              height="24"
              stroke="currentColor"
              stroke-width="0"
              viewBox="0 0 24 24"
              width="24"
            >
              <title
                id=":r17:"
              >
                Next page
              </title>
              <path
                d="M0 0h24v24H0z"
                fill="none"
              />
              <path
                d="M9.29 6.71a.996.996 0 0 0 0 1.41L13.17 12l-3.88 3.88a.996.996 0 1 0 1.41 1.41l4.59-4.59a.996.996 0 0 0 0-1.41L10.7 6.7c-.38-.38-1.02-.38-1.41.01"
              />
            </svg>
          </span>
        </button>
      </div>
    </div>
  </div>
</div>
`;

exports[`renders a simple table 1`] = `
.c2 {
  box-sizing: border-box;
}

.c3 {
  -webkit-align-content: stretch;
  -ms-flex-line-pack: stretch;
  align-content: stretch;
  -webkit-align-items: center;
  -webkit-box-align: center;
  -ms-flex-align: center;
  align-items: center;
  -webkit-flex-direction: row;
  -ms-flex-direction: row;
  flex-direction: row;
  -webkit-flex-wrap: nowrap;
  -ms-flex-wrap: nowrap;
  flex-wrap: nowrap;
  -webkit-box-pack: start;
  -webkit-justify-content: flex-start;
  -ms-flex-pack: start;
  justify-content: flex-start;
  display: -webkit-box;
  display: -webkit-flex;
  display: -ms-flexbox;
  display: flex;
}

.c1 {
  background-color: #FFFFFF;
  border-bottom: 1px solid #D9DCE9;
  border-top: 1px solid #D9DCE9;
  box-sizing: border-box;
  color: #313440;
  font-size: 1rem;
  padding: 0.75rem;
  white-space: nowrap;
}

.c1:first-of-type {
  padding-left: 1.5rem;
}

.c1:last-of-type {
  padding-right: 1.5rem;
}

.c4 {
  -webkit-box-pack: start;
  -webkit-justify-content: flex-start;
  -ms-flex-pack: start;
  justify-content: flex-start;
}

.c6 {
  padding: 0.75rem;
  background-color: #FFFFFF;
  box-sizing: border-box;
  color: #313440;
  font-size: 1rem;
  border-bottom: 1px solid #D9DCE9;
}

.c6:first-of-type {
  padding-left: 1.5rem;
}

.c6:last-of-type {
  padding-right: 1.5rem;
}

.c5 {
  -webkit-transition: all 150ms ease-out;
  transition: all 150ms ease-out;
  -webkit-transition-property: background-color;
  transition-property: background-color;
  display: table-row;
  background-color: transparent;
}

.c5:hover {
  background-color: #F6F7FC;
}

.c0 {
  border-color: transparent;
  border-spacing: 0;
  color: #313440;
  text-align: left;
  width: 100%;
}

<table
  class="c0"
  id=":r0:"
>
  <thead
    class=""
  >
    <tr>
      <th
        class="c1"
        id="header-cell-0"
      >
        <div
          class="c2 c3 c4"
        >
          Sku
        </div>
      </th>
      <th
        class="c1"
        id="header-cell-1"
      >
        <div
          class="c2 c3 c4"
        >
          Name
        </div>
      </th>
      <th
        class="c1"
        id="header-cell-2"
      >
        <div
          class="c2 c3 c4"
        >
          Stock
        </div>
      </th>
    </tr>
  </thead>
  <tbody
    class=""
  >
    <tr
      class="c5"
    >
      <td
        class="c6"
      >
        <div
          class="c2 c3"
        >
          SM13
        </div>
      </td>
      <td
        class="c6"
      >
        <div
          class="c2 c3"
        >
          [Sample] Smith Journal 13
        </div>
      </td>
      <td
        class="c6"
      >
        <div
          class="c2 c3"
        >
          25
        </div>
      </td>
    </tr>
    <tr
      class="c5"
    >
      <td
        class="c6"
      >
        <div
          class="c2 c3"
        >
          DPB
        </div>
      </td>
      <td
        class="c6"
      >
        <div
          class="c2 c3"
        >
          [Sample] Dustpan & Brush
        </div>
      </td>
      <td
        class="c6"
      >
        <div
          class="c2 c3"
        >
          34
        </div>
      </td>
    </tr>
    <tr
      class="c5"
    >
      <td
        class="c6"
      >
        <div
          class="c2 c3"
        >
          OFSUC
        </div>
      </td>
      <td
        class="c6"
      >
        <div
          class="c2 c3"
        >
          [Sample] Utility Caddy
        </div>
      </td>
      <td
        class="c6"
      >
        <div
          class="c2 c3"
        >
          45
        </div>
      </td>
    </tr>
    <tr
      class="c5"
    >
      <td
        class="c6"
      >
        <div
          class="c2 c3"
        >
          CLC
        </div>
      </td>
      <td
        class="c6"
      >
        <div
          class="c2 c3"
        >
          [Sample] Canvas Laundry Cart
        </div>
      </td>
      <td
        class="c6"
      >
        <div
          class="c2 c3"
        >
          2
        </div>
      </td>
    </tr>
    <tr
      class="c5"
    >
      <td
        class="c6"
      >
        <div
          class="c2 c3"
        >
          CGLD
        </div>
      </td>
      <td
        class="c6"
      >
        <div
          class="c2 c3"
        >
          [Sample] Laundry Detergent
        </div>
      </td>
      <td
        class="c6"
      >
        <div
          class="c2 c3"
        >
          29
        </div>
      </td>
    </tr>
  </tbody>
</table>
`;

exports[`renders a table figure 1`] = `
.c0 {
  margin: 0;
  max-width: 100%;
  overflow-x: auto;
  white-space: nowrap;
}

@media (min-width:720px) {
  .c0 {
    white-space: normal;
  }
}

<figure
  class="c0"
/>
`;

exports[`selectable renders selectable actions and checkboxes 1`] = `
.c10 {
  vertical-align: middle;
  height: 1.5rem;
  width: 1.5rem;
}

.c1 {
  margin-right: 0.25rem;
  box-sizing: border-box;
}

.c3 {
  box-sizing: border-box;
}

.c15 {
  margin-right: 1rem;
  box-sizing: border-box;
}

.c4 {
  -webkit-align-content: stretch;
  -ms-flex-line-pack: stretch;
  align-content: stretch;
  -webkit-align-items: stretch;
  -webkit-box-align: stretch;
  -ms-flex-align: stretch;
  align-items: stretch;
  -webkit-flex-direction: row;
  -ms-flex-direction: row;
  flex-direction: row;
  -webkit-flex-wrap: nowrap;
  -ms-flex-wrap: nowrap;
  flex-wrap: nowrap;
  -webkit-box-pack: start;
  -webkit-justify-content: flex-start;
  -ms-flex-pack: start;
  justify-content: flex-start;
  display: -webkit-box;
  display: -webkit-flex;
  display: -ms-flexbox;
  display: flex;
}

.c2 {
  -webkit-align-self: auto;
  -ms-flex-item-align: auto;
  align-self: auto;
  -webkit-flex-basis: auto;
  -ms-flex-preferred-size: auto;
  flex-basis: auto;
  -webkit-box-flex: 0;
  -webkit-flex-grow: 0;
  -ms-flex-positive: 0;
  flex-grow: 0;
  -webkit-order: 0;
  -ms-flex-order: 0;
  order: 0;
  -webkit-flex-shrink: 0;
  -ms-flex-negative: 0;
  flex-shrink: 0;
}

.c12 {
  color: #313440;
  margin: 0 0 1rem;
  font-size: 1rem;
  font-weight: 400;
  line-height: 1.5rem;
}

.c12:last-child {
  margin-bottom: 0;
}

.c14 {
  color: #313440;
  margin: 0 0 1rem;
  font-size: 1rem;
  font-weight: 400;
  line-height: 1.5rem;
  margin-left: 0.75rem;
}

.c14:last-child {
  margin-bottom: 0;
}

.c16 {
  color: #313440;
  margin: 0 0 1rem;
  font-size: 1rem;
  font-weight: 400;
  line-height: 1.5rem;
  margin: 0;
}

.c16:last-child {
  margin-bottom: 0;
}

.c13 {
  cursor: pointer;
  border: 0;
  -webkit-clip: rect(0 0 0 0);
  clip: rect(0 0 0 0);
  height: 1px;
  margin: -1px;
  overflow: hidden;
  padding: 0;
  position: absolute;
  white-space: nowrap;
  width: 1px;
}

.c11 {
  margin-left: 0.5rem;
}

.c5 {
  -webkit-align-items: flex-start;
  -webkit-box-align: flex-start;
  -ms-flex-align: flex-start;
  align-items: flex-start;
  display: -webkit-box;
  display: -webkit-flex;
  display: -ms-flexbox;
  display: flex;
}

.c7 {
  border: 0;
  -webkit-clip: rect(0 0 0 0);
  clip: rect(0 0 0 0);
  height: 1px;
  margin: -1px;
  overflow: hidden;
  padding: 0;
  position: absolute;
  white-space: nowrap;
  width: 1px;
}

.c9 {
  -webkit-transition: all 150ms ease-out;
  transition: all 150ms ease-out;
  -webkit-transition-property: border-color,background,box-shadow,color,opacity;
  transition-property: border-color,background,box-shadow,color,opacity;
  -webkit-align-items: center;
  -webkit-box-align: center;
  -ms-flex-align: center;
  align-items: center;
  background: #FFFFFF;
  box-sizing: border-box;
  border: 1px solid #D9DCE9;
  border-color: #D9DCE9;
  border-radius: 0.25rem;
  color: #FFFFFF;
  cursor: pointer;
  display: -webkit-inline-box;
  display: -webkit-inline-flex;
  display: -ms-inline-flexbox;
  display: inline-flex;
  height: 1.25rem;
  -webkit-box-pack: center;
  -webkit-justify-content: center;
  -ms-flex-pack: center;
  justify-content: center;
  margin-bottom: 0.125rem;
  margin-top: 0.125rem;
  -webkit-user-select: none;
  -moz-user-select: none;
  -ms-user-select: none;
  user-select: none;
  width: 1.25rem;
}

.c9:hover {
  border-color: #B4BAD1;
}

.c6:focus + .c8 {
  box-shadow: 0 0 0 0.25rem #DBE3FE;
}

.c9 svg {
  opacity: 0;
}

.c0 {
  -webkit-align-items: center;
  -webkit-box-align: center;
  -ms-flex-align: center;
  align-items: center;
  -webkit-flex-direction: row;
  -ms-flex-direction: row;
  flex-direction: row;
  -webkit-box-pack: stretch;
  -webkit-justify-content: stretch;
  -ms-flex-pack: stretch;
  justify-content: stretch;
  background-color: #FFFFFF;
  display: -webkit-box;
  display: -webkit-flex;
  display: -ms-flexbox;
  display: flex;
  padding: 0.75rem 1.5rem;
}

<div
  aria-controls=":r8j:"
  aria-label="Table Controls"
  class="c0"
  role="toolbar"
>
  <div
    class="c1 c2"
  >
    <div
      class="c3 c4"
    >
      <div
        class="c5"
      >
        <input
          aria-checked="false"
          aria-labelledby=":r8l:"
          class="c6 c7"
          id=":r8k:"
          type="checkbox"
        />
        <label
          aria-hidden="true"
          class="c8 c9"
          for=":r8k:"
        >
          <svg
            aria-hidden="true"
            class="c10"
            fill="currentColor"
            height="24"
            stroke="currentColor"
            stroke-width="0"
            viewBox="0 0 24 24"
            width="24"
          >
            <path
              d="M0 0h24v24H0z"
              fill="none"
            />
            <path
              d="M9 16.17 5.53 12.7a.996.996 0 1 0-1.41 1.41l4.18 4.18c.39.39 1.02.39 1.41 0L20.29 7.71a.996.996 0 1 0-1.41-1.41z"
            />
          </svg>
        </label>
        <div
          class="c11"
        >
          <label
            class="c12 c13"
            for=":r8k:"
            hidden=""
            id=":r8l:"
          >
            Select All
          </label>
        </div>
      </div>
      <p
        class="c14"
      >
        5
      </p>
    </div>
  </div>
  <div
    class="c15 c2"
  >
    <p
      class="c16"
    >
      Product
    </p>
  </div>
</div>
`;

exports[`selectable selectable by default (isChildrenRowsSelectable prop is not used or is set to false) when isChildrenRowsSelectable prop is not used or is set to false, as default renders checkboxes just for parent rows 1`] = `
.c10 {
  vertical-align: middle;
  height: 1.5rem;
  width: 1.5rem;
}

.c1 {
  margin-right: 0.25rem;
  box-sizing: border-box;
}

.c3 {
  box-sizing: border-box;
}

.c15 {
  margin-right: 1rem;
  box-sizing: border-box;
}

.c4 {
  -webkit-align-content: stretch;
  -ms-flex-line-pack: stretch;
  align-content: stretch;
  -webkit-align-items: stretch;
  -webkit-box-align: stretch;
  -ms-flex-align: stretch;
  align-items: stretch;
  -webkit-flex-direction: row;
  -ms-flex-direction: row;
  flex-direction: row;
  -webkit-flex-wrap: nowrap;
  -ms-flex-wrap: nowrap;
  flex-wrap: nowrap;
  -webkit-box-pack: start;
  -webkit-justify-content: flex-start;
  -ms-flex-pack: start;
  justify-content: flex-start;
  display: -webkit-box;
  display: -webkit-flex;
  display: -ms-flexbox;
  display: flex;
}

.c2 {
  -webkit-align-self: auto;
  -ms-flex-item-align: auto;
  align-self: auto;
  -webkit-flex-basis: auto;
  -ms-flex-preferred-size: auto;
  flex-basis: auto;
  -webkit-box-flex: 0;
  -webkit-flex-grow: 0;
  -ms-flex-positive: 0;
  flex-grow: 0;
  -webkit-order: 0;
  -ms-flex-order: 0;
  order: 0;
  -webkit-flex-shrink: 0;
  -ms-flex-negative: 0;
  flex-shrink: 0;
}

.c12 {
  color: #313440;
  margin: 0 0 1rem;
  font-size: 1rem;
  font-weight: 400;
  line-height: 1.5rem;
}

.c12:last-child {
  margin-bottom: 0;
}

.c14 {
  color: #313440;
  margin: 0 0 1rem;
  font-size: 1rem;
  font-weight: 400;
  line-height: 1.5rem;
  margin-left: 0.75rem;
}

.c14:last-child {
  margin-bottom: 0;
}

.c16 {
  color: #313440;
  margin: 0 0 1rem;
  font-size: 1rem;
  font-weight: 400;
  line-height: 1.5rem;
  margin: 0;
}

.c16:last-child {
  margin-bottom: 0;
}

.c13 {
  cursor: pointer;
  border: 0;
  -webkit-clip: rect(0 0 0 0);
  clip: rect(0 0 0 0);
  height: 1px;
  margin: -1px;
  overflow: hidden;
  padding: 0;
  position: absolute;
  white-space: nowrap;
  width: 1px;
}

.c11 {
  margin-left: 0.5rem;
}

.c5 {
  -webkit-align-items: flex-start;
  -webkit-box-align: flex-start;
  -ms-flex-align: flex-start;
  align-items: flex-start;
  display: -webkit-box;
  display: -webkit-flex;
  display: -ms-flexbox;
  display: flex;
}

.c7 {
  border: 0;
  -webkit-clip: rect(0 0 0 0);
  clip: rect(0 0 0 0);
  height: 1px;
  margin: -1px;
  overflow: hidden;
  padding: 0;
  position: absolute;
  white-space: nowrap;
  width: 1px;
}

.c9 {
  -webkit-transition: all 150ms ease-out;
  transition: all 150ms ease-out;
  -webkit-transition-property: border-color,background,box-shadow,color,opacity;
  transition-property: border-color,background,box-shadow,color,opacity;
  -webkit-align-items: center;
  -webkit-box-align: center;
  -ms-flex-align: center;
  align-items: center;
  background: #FFFFFF;
  box-sizing: border-box;
  border: 1px solid #D9DCE9;
  border-color: #D9DCE9;
  border-radius: 0.25rem;
  color: #FFFFFF;
  cursor: pointer;
  display: -webkit-inline-box;
  display: -webkit-inline-flex;
  display: -ms-inline-flexbox;
  display: inline-flex;
  height: 1.25rem;
  -webkit-box-pack: center;
  -webkit-justify-content: center;
  -ms-flex-pack: center;
  justify-content: center;
  margin-bottom: 0.125rem;
  margin-top: 0.125rem;
  -webkit-user-select: none;
  -moz-user-select: none;
  -ms-user-select: none;
  user-select: none;
  width: 1.25rem;
}

.c9:hover {
  border-color: #B4BAD1;
}

.c6:focus + .c8 {
  box-shadow: 0 0 0 0.25rem #DBE3FE;
}

.c9 svg {
  opacity: 0;
}

.c0 {
  -webkit-align-items: center;
  -webkit-box-align: center;
  -ms-flex-align: center;
  align-items: center;
  -webkit-flex-direction: row;
  -ms-flex-direction: row;
  flex-direction: row;
  -webkit-box-pack: stretch;
  -webkit-justify-content: stretch;
  -ms-flex-pack: stretch;
  justify-content: stretch;
  background-color: #FFFFFF;
  display: -webkit-box;
  display: -webkit-flex;
  display: -ms-flexbox;
  display: flex;
  padding: 0.75rem 1.5rem;
}

@media (min-width:720px) {

}

@media (min-width:720px) {

}

<div
  aria-controls=":r99:"
  aria-label="Table Controls"
  class="c0"
  role="toolbar"
>
  <div
    class="c1 c2"
  >
    <div
      class="c3 c4"
    >
      <div
        class="c5"
      >
        <input
          aria-checked="false"
          aria-labelledby=":r9b:"
          class="c6 c7"
          id=":r9a:"
          type="checkbox"
        />
        <label
          aria-hidden="true"
          class="c8 c9"
          for=":r9a:"
        >
          <svg
            aria-hidden="true"
            class="c10"
            fill="currentColor"
            height="24"
            stroke="currentColor"
            stroke-width="0"
            viewBox="0 0 24 24"
            width="24"
          >
            <path
              d="M0 0h24v24H0z"
              fill="none"
            />
            <path
              d="M9 16.17 5.53 12.7a.996.996 0 1 0-1.41 1.41l4.18 4.18c.39.39 1.02.39 1.41 0L20.29 7.71a.996.996 0 1 0-1.41-1.41z"
            />
          </svg>
        </label>
        <div
          class="c11"
        >
          <label
            class="c12 c13"
            for=":r9a:"
            hidden=""
            id=":r9b:"
          >
            Select All
          </label>
        </div>
      </div>
      <p
        class="c14"
      >
        5
      </p>
    </div>
  </div>
  <div
    class="c15 c2"
  >
    <p
      class="c16"
    >
      Product
    </p>
  </div>
</div>
`;

exports[`selectable selectable by not default (isChildrenRowsSelectable prop is used and it is set to true renders checkboxes for parent rows and children rows) 1`] = `
.c10 {
  vertical-align: middle;
  height: 1.5rem;
  width: 1.5rem;
}

.c1 {
  margin-right: 0.25rem;
  box-sizing: border-box;
}

.c3 {
  box-sizing: border-box;
}

.c15 {
  margin-right: 1rem;
  box-sizing: border-box;
}

.c4 {
  -webkit-align-content: stretch;
  -ms-flex-line-pack: stretch;
  align-content: stretch;
  -webkit-align-items: stretch;
  -webkit-box-align: stretch;
  -ms-flex-align: stretch;
  align-items: stretch;
  -webkit-flex-direction: row;
  -ms-flex-direction: row;
  flex-direction: row;
  -webkit-flex-wrap: nowrap;
  -ms-flex-wrap: nowrap;
  flex-wrap: nowrap;
  -webkit-box-pack: start;
  -webkit-justify-content: flex-start;
  -ms-flex-pack: start;
  justify-content: flex-start;
  display: -webkit-box;
  display: -webkit-flex;
  display: -ms-flexbox;
  display: flex;
}

.c2 {
  -webkit-align-self: auto;
  -ms-flex-item-align: auto;
  align-self: auto;
  -webkit-flex-basis: auto;
  -ms-flex-preferred-size: auto;
  flex-basis: auto;
  -webkit-box-flex: 0;
  -webkit-flex-grow: 0;
  -ms-flex-positive: 0;
  flex-grow: 0;
  -webkit-order: 0;
  -ms-flex-order: 0;
  order: 0;
  -webkit-flex-shrink: 0;
  -ms-flex-negative: 0;
  flex-shrink: 0;
}

.c12 {
  color: #313440;
  margin: 0 0 1rem;
  font-size: 1rem;
  font-weight: 400;
  line-height: 1.5rem;
}

.c12:last-child {
  margin-bottom: 0;
}

.c14 {
  color: #313440;
  margin: 0 0 1rem;
  font-size: 1rem;
  font-weight: 400;
  line-height: 1.5rem;
  margin-left: 0.75rem;
}

.c14:last-child {
  margin-bottom: 0;
}

.c16 {
  color: #313440;
  margin: 0 0 1rem;
  font-size: 1rem;
  font-weight: 400;
  line-height: 1.5rem;
  margin: 0;
}

.c16:last-child {
  margin-bottom: 0;
}

.c13 {
  cursor: pointer;
  border: 0;
  -webkit-clip: rect(0 0 0 0);
  clip: rect(0 0 0 0);
  height: 1px;
  margin: -1px;
  overflow: hidden;
  padding: 0;
  position: absolute;
  white-space: nowrap;
  width: 1px;
}

.c11 {
  margin-left: 0.5rem;
}

.c5 {
  -webkit-align-items: flex-start;
  -webkit-box-align: flex-start;
  -ms-flex-align: flex-start;
  align-items: flex-start;
  display: -webkit-box;
  display: -webkit-flex;
  display: -ms-flexbox;
  display: flex;
}

.c7 {
  border: 0;
  -webkit-clip: rect(0 0 0 0);
  clip: rect(0 0 0 0);
  height: 1px;
  margin: -1px;
  overflow: hidden;
  padding: 0;
  position: absolute;
  white-space: nowrap;
  width: 1px;
}

.c9 {
  -webkit-transition: all 150ms ease-out;
  transition: all 150ms ease-out;
  -webkit-transition-property: border-color,background,box-shadow,color,opacity;
  transition-property: border-color,background,box-shadow,color,opacity;
  -webkit-align-items: center;
  -webkit-box-align: center;
  -ms-flex-align: center;
  align-items: center;
  background: #FFFFFF;
  box-sizing: border-box;
  border: 1px solid #D9DCE9;
  border-color: #D9DCE9;
  border-radius: 0.25rem;
  color: #FFFFFF;
  cursor: pointer;
  display: -webkit-inline-box;
  display: -webkit-inline-flex;
  display: -ms-inline-flexbox;
  display: inline-flex;
  height: 1.25rem;
  -webkit-box-pack: center;
  -webkit-justify-content: center;
  -ms-flex-pack: center;
  justify-content: center;
  margin-bottom: 0.125rem;
  margin-top: 0.125rem;
  -webkit-user-select: none;
  -moz-user-select: none;
  -ms-user-select: none;
  user-select: none;
  width: 1.25rem;
}

.c9:hover {
  border-color: #B4BAD1;
}

.c6:focus + .c8 {
  box-shadow: 0 0 0 0.25rem #DBE3FE;
}

.c9 svg {
  opacity: 0;
}

.c0 {
  -webkit-align-items: center;
  -webkit-box-align: center;
  -ms-flex-align: center;
  align-items: center;
  -webkit-flex-direction: row;
  -ms-flex-direction: row;
  flex-direction: row;
  -webkit-box-pack: stretch;
  -webkit-justify-content: stretch;
  -ms-flex-pack: stretch;
  justify-content: stretch;
  background-color: #FFFFFF;
  display: -webkit-box;
  display: -webkit-flex;
  display: -ms-flexbox;
  display: flex;
  padding: 0.75rem 1.5rem;
}

@media (min-width:720px) {

}

@media (min-width:720px) {

}

<div
  aria-controls=":rd0:"
  aria-label="Table Controls"
  class="c0"
  role="toolbar"
>
  <div
    class="c1 c2"
  >
    <div
      class="c3 c4"
    >
      <div
        class="c5"
      >
        <input
          aria-checked="false"
          aria-labelledby=":rd2:"
          class="c6 c7"
          id=":rd1:"
          type="checkbox"
        />
        <label
          aria-hidden="true"
          class="c8 c9"
          for=":rd1:"
        >
          <svg
            aria-hidden="true"
            class="c10"
            fill="currentColor"
            height="24"
            stroke="currentColor"
            stroke-width="0"
            viewBox="0 0 24 24"
            width="24"
          >
            <path
              d="M0 0h24v24H0z"
              fill="none"
            />
            <path
              d="M9 16.17 5.53 12.7a.996.996 0 1 0-1.41 1.41l4.18 4.18c.39.39 1.02.39 1.41 0L20.29 7.71a.996.996 0 1 0-1.41-1.41z"
            />
          </svg>
        </label>
        <div
          class="c11"
        >
          <label
            class="c12 c13"
            for=":rd1:"
            hidden=""
            id=":rd2:"
          >
            Select All
          </label>
        </div>
      </div>
      <p
        class="c14"
      >
        5
      </p>
    </div>
  </div>
  <div
    class="c15 c2"
  >
    <p
      class="c16"
    >
      Product
    </p>
  </div>
</div>
`;
