// Jest Snapshot v1, https://jestjs.io/docs/snapshot-testing

exports[`it renders accordion panel header 1`] = `
<h2
  class="styled__StyledH2-sc-218b28a9-2 styled__StyledH2-sc-eda6cb79-1 hCxYWp cMjtfK"
>
  Accordion Panel Header
</h2>
`;
