// Jest Snapshot v1, https://jestjs.io/docs/snapshot-testing

exports[`renders all together 1`] = `
.c0 {
  -webkit-transition: all 150ms ease-out;
  transition: all 150ms ease-out;
  -webkit-transition-property: border,box-shadow;
  transition-property: border,box-shadow;
  background-color: #FFFFFF;
  border-radius: 0.25rem;
  box-sizing: border-box;
  color: #313440;
  line-height: 1.5rem;
  max-height: 14rem;
  padding: 0.25rem 0.75rem;
  width: 100%;
  resize: vertical;
  border: 1px solid #D9DCE9;
}

.c0:hover:not([disabled]) {
  border: 1px solid #B4BAD1;
}

.c0:focus {
  outline: none;
  box-shadow: 0 0 0 4px #DBE3FE;
}

.c0[disabled] {
  background-color: #ECEEF5;
}

.c0::-webkit-input-placeholder {
  color: #B4BAD1;
  line-height: 1.5rem;
  font-size: 1rem;
}

.c0::-moz-placeholder {
  color: #B4BAD1;
  line-height: 1.5rem;
  font-size: 1rem;
}

.c0:-ms-input-placeholder {
  color: #B4BAD1;
  line-height: 1.5rem;
  font-size: 1rem;
}

.c0::placeholder {
  color: #B4BAD1;
  line-height: 1.5rem;
  font-size: 1rem;
}

<textarea
  class="c0"
  id=":rp:"
  rows="3"
/>
`;
