// Jest Snapshot v1, https://goo.gl/fbAQLP

exports[`render panel 1`] = `
.c0 {
  margin-bottom: 1rem;
  box-sizing: border-box;
  background-color: #FFFFFF;
  border-radius: 0.25rem;
  box-shadow: 0px 1px 6px rgba(49,52,64,0.2);
}

.c2 {
  margin-top: 1rem;
  box-sizing: border-box;
}

.c1 {
  border-radius: 0;
}

@media (min-width:0px) {
  .c0 {
    padding: 1rem;
  }
}

@media (min-width:720px) {
  .c0 {
    padding: 1.5rem;
  }
}

@media (min-width:720px) {
  .c1 {
    border-radius: 0.25rem;
  }
}

<div
  class="c0 c1"
>
  <div
    class="c2"
  >
    Dolore proident eiusmod sint est enim laboris anim minim quis ut adipisicing consectetur officia ex. Ipsum eiusmod fugiat amet pariatur culpa tempor aliquip tempor nisi. Irure esse deserunt nostrud ipsum id adipisicing enim velit labore. Nulla exercitation laborum laboris Lorem irure sit esse nulla mollit aliquip consectetur velit
  </div>
</div>
`;

exports[`render panel with only a heading and no content 1`] = `
.c5 {
  color: #313440;
  margin: 0 0 1rem;
  font-size: 1.5rem;
  font-weight: 400;
  line-height: 2rem;
  margin-bottom: 0;
}

.c0 {
  margin-bottom: 1rem;
  box-sizing: border-box;
  background-color: #FFFFFF;
  border-radius: 0.25rem;
  box-shadow: 0px 1px 6px rgba(49,52,64,0.2);
}

.c2 {
  box-sizing: border-box;
}

.c3 {
  -webkit-align-content: stretch;
  -ms-flex-line-pack: stretch;
  align-content: stretch;
  -webkit-align-items: center;
  -webkit-box-align: center;
  -ms-flex-align: center;
  align-items: center;
  -webkit-flex-direction: row;
  -ms-flex-direction: row;
  flex-direction: row;
  gap: 0.5rem;
  -webkit-flex-wrap: nowrap;
  -ms-flex-wrap: nowrap;
  flex-wrap: nowrap;
  -webkit-box-pack: justify;
  -webkit-justify-content: space-between;
  -ms-flex-pack: justify;
  justify-content: space-between;
  display: -webkit-box;
  display: -webkit-flex;
  display: -ms-flexbox;
  display: flex;
}

.c4 {
  -webkit-align-content: stretch;
  -ms-flex-line-pack: stretch;
  align-content: stretch;
  -webkit-align-items: center;
  -webkit-box-align: center;
  -ms-flex-align: center;
  align-items: center;
  -webkit-flex-direction: row;
  -ms-flex-direction: row;
  flex-direction: row;
  gap: 0.5rem;
  -webkit-flex-wrap: nowrap;
  -ms-flex-wrap: nowrap;
  flex-wrap: nowrap;
  -webkit-box-pack: start;
  -webkit-justify-content: flex-start;
  -ms-flex-pack: start;
  justify-content: flex-start;
  display: -webkit-box;
  display: -webkit-flex;
  display: -ms-flexbox;
  display: flex;
}

.c1 {
  border-radius: 0;
}

.c6 {
  -webkit-box-flex: 1;
  -webkit-flex-grow: 1;
  -ms-flex-positive: 1;
  flex-grow: 1;
  -webkit-flex-shrink: 1;
  -ms-flex-negative: 1;
  flex-shrink: 1;
}

.c6 ~ .bd-button {
  width: auto;
  margin-top: 0;
}

@media (min-width:0px) {
  .c0 {
    padding: 1rem;
  }
}

@media (min-width:720px) {
  .c0 {
    padding: 1.5rem;
  }
}

@media (min-width:720px) {
  .c1 {
    border-radius: 0.25rem;
  }
}

<div
  class="c0 c1"
>
  <div
    class="c2 c3"
  >
    <div
      class="c2 c4"
    >
      <h2
        class="c5 c6"
      >
        Test Header
      </h2>
    </div>
  </div>
</div>
`;
