// Jest Snapshot v1, https://jestjs.io/docs/snapshot-testing

exports[`renders a form group 1`] = `
.c0 {
  display: grid;
  grid-gap: 0.5rem 1rem;
  margin-bottom: 1rem;
}

.c0:last-child {
  margin-bottom: 0;
}

<div
  class="c0"
/>
`;
